// Jest Snapshot v1, https://goo.gl/fbAQLP

exports[`AddItemForm component renders the complete form 1`] = `
<section
  className="AddFolder"
>
  <h2>
    Create a folder
  </h2>
  <div
    className="error-message"
    style={
      Object {
        "display": "none",
      }
    }
  />
  <NotefulForm
    onSubmit={[Function]}
  >
    <div
      className="field"
    >
      <label
        htmlFor="folder-name-input"
      >
        Name
        <ValidationError
          isValid={false}
          message=""
        />
      </label>
      <input
        defaultValue=""
        id="folder-name-input"
        onChange={[Function]}
        type="text"
      />
    </div>
    <div
      className="buttons"
    >
      <button
        disabled={true}
        type="submit"
      >
        Add folder
      </button>
    </div>
  </NotefulForm>
</section>
`;
